ONCVPSP  (Optimized Norm-Conservinng Vanderbilt PSeudopotential)
scalar-relativistic version 4.0.1 03/01/2019


While it is not required under the terms of the GNU GPL, it is
suggested that you cite D. R. Hamann, Phys. Rev. B 88, 085117 (2013)
in any publication utilizing these pseudopotentials.


# ATOM AND REFERENCE CONFIGURATION
# atsym  z   nc   nv     iexc    psfile
  Li  3.00    0    2       4      upf 
#
#   n    l    f        energy (Ha)
    1    0    2.00    -1.9056244E+00
    2    0    1.00    -1.0562447E-01
#
# PSEUDOPOTENTIAL AND OPTIMIZATION
# lmax
    1
#
#   l,   rc,      ep,       ncon, nbas, qcut
    0   1.88062  -0.00000    4    8  14.25722
    1   1.10000  -0.00000    4    8   9.00000
#
# LOCAL POTENTIAL
# lloc, lpopt,  rc(5),   dvloc0
    4    5   1.10000      0.00000
#
# VANDERBILT-KLEINMAN-BYLANDER PROJECTORs
# l, nproj, debl
    0    2   1.00000
    1    2   1.00000
#
# MODEL CORE CHARGE
# icmod, fcfact, rcfact
    0   0.00000   0.00000
#
# LOG DERIVATIVE ANALYSIS
# epsh1, epsh2, depsh
  -12.00   12.00    0.02
#
# OUTPUT GRID
# rlmax, drl
  3.7612  0.0100
#
# TEST CONFIGURATIONS
# ncnf
    2
# nvcnf
#   n    l    f
    1
    1    0    2.00
#
    2
    1    0    2.00
    2    1    1.00
#


Reference configufation results
  iterations    24
  all-electron total energy (Ha)   -7.45219754D+00

Begin loop to  construct optimized pseudo wave functions
and semi-local pseudopoentials for all angular momenta

Calculating optimized projector #   1

 for l=   0

    Constraint consistency test
      pswf0 val/der aewf val/der     diff
        0.07489036    0.07489036   -3.28D-14
       -0.17167741   -0.17167741    8.47D-15
        0.41102670    0.41102670    7.12D-14
       -1.05647627   -1.05647627   -4.66D-15

    Fraction of norm inside rc  0.994377
    Optimizing pswf for qcut=  14.27 a_B^-1,  ecut= 101.79 Ha
    q_infinity defining residual KE= 20.00  (E_inf=  200.0 Ha)
    Residual kinetic energy error=  4.56D-11 Ha
 ERROR pspot:  first pseudo wave function has node,          program will stop
 ERROR pspot: try changing psp parameters for this l
